[INFO] Scanning for projects...
[INFO] 
[INFO] --------------< com.gredy_cars_client:gredy_cars_client >---------------
[INFO] Building gredy_cars_client 0.0.1
[INFO]   from pom.xml
[INFO] --------------------------------[ war ]---------------------------------
[INFO] 
[INFO] >>> spring-boot:3.5.5:run (default-cli) > test-compile @ gredy_cars_client >>>
[INFO] 
[INFO] --- resources:3.3.1:resources (default-resources) @ gredy_cars_client ---
[INFO] Copying 1 resource from src/main/resources to target/classes
[INFO] ------------------------------------------------------------------------
[INFO] BUILD FAILURE
[INFO] ------------------------------------------------------------------------
[INFO] Total time:  0.888 s
[INFO] Finished at: 2025-11-07T19:42:09Z
[INFO] ------------------------------------------------------------------------
[ERROR] Failed to execute goal org.apache.maven.plugins:maven-resources-plugin:3.3.1:resources (default-resources) on project gredy_cars_client: filtering /srv/greedy/ingSoftII/SCRUM/integrador/gredy_cars_client/gredy_cars_client/src/main/resources/application.properties to /srv/greedy/ingSoftII/SCRUM/integrador/gredy_cars_client/gredy_cars_client/target/classes/application.properties failed with FileSystemException: /srv/greedy/ingSoftII/SCRUM/integrador/gredy_cars_client/gredy_cars_client/target/classes/application.properties: Operation not permitted -> [Help 1]
[ERROR] 
[ERROR] To see the full stack trace of the errors, re-run Maven with the -e switch.
[ERROR] Re-run Maven using the -X switch to enable full debug logging.
[ERROR] 
[ERROR] For more information about the errors and possible solutions, please read the following articles:
[ERROR] [Help 1] http://cwiki.apache.org/confluence/display/MAVEN/MojoExecutionException
